[
  "",
  "はじめよう!",
  "たのしいネーミング",
  "VOICE1101",
  "WELCOME!",
  "アレックのログハウス",
  "ママのふるさと",
  "セーブ",
  "おれはオケラだ!",
  "敵にぶつかった!",
  "こまったやつら",
  "たたかいに　かった!",
  "きみよ立ちあがれ",
  "お気に召すまま",
  "あなたへの手紙",
  "伝書バトよ",
  "なぞの飛行物体",
  "LOG-O-TYPE",
  "か　か　火事だーっ!",
  "第1章",
  "サウンド・オブ・サイレン",
  "いっしょに",
  "テリの森へ",
  "森のイノリバ",
  "炎の森",
  "敵におそわれた!",
  "こうもりさんツイスト",
  "いい湯かな",
  "ブタマスク参上!",
  "やっかいなやつら",
  "めいわくなやつら",
  "なに?",
  "バックビートバトル",
  "ジェントルレイン",
  "そぼくなYADO",
  "きみからの手紙",
  "ハードレイン",
  "いっしょに行こう!",
  "走れマイドッグ!",
  "きっとどこかで",
  "手にしたものは・・・",
  "おそるおそる",
  "やんちゃなブルース",
  "哀しき改造",
  "コンフュージョン",
  "MOTHER3　愛のテーマ",
  "悲しみのタツマイリ",
  "さみしい部屋",
  "イン・ザ・ルーム",
  "ひとりで行く",
  "たのしいバザール",
  "パンがやけたよ!",
  "テリの森を抜けて",
  "もっとやんちゃなブルース",
  "じゃまなやつら",
  "マンボ・デ・バトレ",
  "おしゅうとさんといっしょ",
  "ぶったまげマーチ",
  "マジプシーのパーティー",
  "ハイげんき!",
  "DANGER",
  "もっとめいわくなやつら",
  "つんのめりマーチ",
  "でかい敵にぶつかった!",
  "メカドラゴとのたたかい",
  "たたかいに　かった・・・",
  "レベルアップ!",
  "長い影",
  "第2章",
  "一子相伝",
  "ドロボー・マインド",
  "あやしい飛行物体",
  "ん?",
  "ゾンビート",
  "きっついゾンビート",
  "運命(さだめ)",
  "アッチェレランド",
  "もっとじゃまなやつら",
  "オソヘ城",
  "もっとやっかいなやつら",
  "バックビートバトル・ハード",
  "そしてエル・マリアッチ",
  "ドライなやつら",
  "オバケのためのエチュード",
  "いいもの手に入れた!",
  "ラグタイム・オソヘ",
  "マンボ・デ・バトレ・モット",
  "真剣(まじ)",
  "いわれなきリベンジ",
  "ポルターガガガガイスト",
  "家庭の事情・第2楽章",
  "不思議すぎる部屋",
  "気高きタンつぼのファンファーレ",
  "もう朝だった",
  "師匠で父でドロボーで",
  "ブタ的なやつら",
  "ブタ的ななにか",
  "ひらけゴマあぶら!",
  "ひらけゴマどうふ!",
  "PSIおぼえた!",
  "先祖のおかげ・第8楽章",
  "手ごわいやつ",
  "ブッチと村人たち",
  "第3章",
  "サルにはサルのラブソング",
  "いっしょに行くのか・・・",
  "ビンビン・ポークビーン",
  "夢の中でもビリビリビリ!",
  "行商人の大演説",
  "おサルの宅配便",
  "おどれ!",
  "なにがどうした?!",
  "わらえ!　よろこべ!",
  "手ごわいやつら",
  "ずうずうしいマーチ",
  "ドラゴ!?",
  "ドラゴありがとう!",
  "何かがおかしくなっている",
  "愛のテーマ(リプライズ)",
  "第4章",
  "鉄道がこの村に!",
  "おはよう",
  "おもかげ",
  "ホテルなYADO",
  "すてきなマイルーム",
  "たのしいショッピング",
  "ハッピータウン?",
  "いささかエレジー",
  "トンネルを抜けると?",
  "もっとドライなやつら",
  "ムラサキの森",
  "運んだ運んだ",
  "おつかれさま",
  "ストリンジェンド",
  "ロープウェイに乗って",
  "クラブ・チチブーのテーマ",
  "おえらいさんのテーマ",
  "ガールズ・ルーム",
  "シャワー浴びながらのバラード",
  "ヤネウラがダンジョン?!",
  "はげしいやつら",
  "16ビートでこうげきだ!",
  "マーチングでこうげきだ!",
  "ロックンロール(あまくち)",
  "ロックンロール(からくち)",
  "タメキチズ・ルーム",
  "ボンボヤージュ・アミーゴ",
  "あれはなんだ?!",
  "第5章",
  "ヤバイ!",
  "デンジャラス・ハイウェイ",
  "ガスケツ・ポークビーン",
  "パーキングエリアのキタナカフェ",
  "白銀(PAのママいちおし曲)",
  "妖精(クマヒゲいちおし曲)",
  "決意(ガムの兄さんいちおし曲)",
  "祝福(スキンヘッドいちおし曲)",
  "青春(トイレ待ち牛いちおし曲)",
  "モッタイナイ賛歌",
  "あのお方のプレイルーム",
  "あのお方のメモリー・2S",
  "あのお方のメモリー・2H",
  "MROB-6720M",
  "GENE163-1425",
  "胸さわぎのアリア",
  "第6章",
  "ひまわりとまぼろし",
  "この子たちに名前を",
  "おかあさん?!",
  "小さくて大きな奇跡",
  "第7章",
  "みぎ　ひだり　みぎ　ひばり",
  "なかなかのリバー",
  "マジプシーの　お・へ・や",
  "マジプシーは　お・る・す",
  "ヒゲそりと　くちべに",
  "それなのにエル・マリアッチ",
  "クローズユア　お・め・め",
  "ひまわりのような人だった",
  "電車に乗って行こう!",
  "たまにはいいでしょグリーン車!",
  "キマイラの研究なのだ",
  "ピンクのシェル",
  "ハリを抜くということ",
  "もっとずうずうしいマーチ",
  "オケラの長老",
  "スノーマン",
  "あのお方のテーマ",
  "ブッコワシ賛歌",
  "ソラトブナニーカ",
  "なんとかさん",
  "どせいさんのテーマ・Z",
  "哀しき警備",
  "プライドかけたハッスル",
  "ことばぜめ",
  "はみんぐ　するです",
  "ボルケーノ!　タギリーノ!",
  "ヨクバ&ツーヤク",
  "コーヒーブレイク",
  "すごいもの手に入れた!",
  "ビーチ・コーミング",
  "恋する酸素",
  "タネヒネリ島",
  "あかみどりきいろきいろ♪",
  "キミがキレイだキのせいか",
  "つよきもの",
  "そして誰もいなくなった",
  "誰かいないのか?",
  "落ちたピクルス探すようなものさ",
  "チュピチュピョイを世界遺産に",
  "WHO?",
  "つよきもの(仮面の男)",
  "ホントのWELCOME!",
  "内輪差だよ人生は",
  "NPC　LOVES　YOU!",
  "第8章",
  "ユートピアでしょ?!",
  "ピコピコ・ハイスコア",
  "映画館でせんべいは食べないで",
  "ビューティ・アンド・テイスティ",
  "ニューポーク・ボッサ",
  "汚れきったアパートメント",
  "リダのジムノペディ",
  "アフロでボンバボン",
  "ヘイブラザー!　Aをくれ!",
  "DCMCのテーマ",
  "サンバ・デ・カンボ",
  "かば",
  "雨のちハーレム",
  "さわやかトイレット",
  "つくりかけの・・・",
  "機械じかけの・・・",
  "もっとはげしいやつら",
  "プチポーキー選手の入場です",
  "ほどほどにガンバレ!",
  "ハイそこまで!",
  "ナチュラルキラー・サイボウグ",
  "タイム・パッセージ",
  "だれかさんのおもいで",
  "ぼくはポーキー",
  "ポーキーのポーキー",
  "乱入ロックンロール",
  "ポーキーさまのテーマ",
  "絶対安全カプセル",
  "仮面の男とのたたかい",
  "メモリー・オブ・マザー",
  "おわった",
  "走馬灯のように",
  "カーテンコール",
  "16メロディーズ(はじまり)",
  "いのちの記憶",
  "",
  "",
  "",
  "",
  "",
  ""
]